ERROR - 2026-05-13 08:52:03 --> Unable to prepare statement: no such column: employes.departement_id
in SYSTEMPATH/Database/SQLite3/Connection.php on line 164.
 1 SYSTEMPATH/Database/SQLite3/Connection.php(164): SQLite3->query()
 2 SYSTEMPATH/Database/BaseConnection.php(910): CodeIgniter\Database\SQLite3\Connection->execute()
 3 SYSTEMPATH/Database/BaseConnection.php(827): CodeIgniter\Database\BaseConnection->simpleQuery()
 4 SYSTEMPATH/Database/BaseBuilder.php(1649): CodeIgniter\Database\BaseConnection->query()
 5 APPPATH/Controllers/CongeController.php(103): CodeIgniter\Database\BaseBuilder->get()
 6 APPPATH/Controllers/CongeController.php(39): App\Controllers\CongeController->getDemandes()
 7 SYSTEMPATH/CodeIgniter.php(951): App\Controllers\CongeController->index()
 8 SYSTEMPATH/CodeIgniter.php(497): CodeIgniter\CodeIgniter->runController()
 9 SYSTEMPATH/CodeIgniter.php(340): CodeIgniter\CodeIgniter->handleRequest()
10 SYSTEMPATH/Boot.php(417): CodeIgniter\CodeIgniter->run()
11 SYSTEMPATH/Boot.php(68): CodeIgniter\Boot::runCodeIgniter()
12 FCPATH/index.php(59): CodeIgniter\Boot::bootWeb()
13 SYSTEMPATH/rewrite.php(44): require_once('/home/miantra/Documents/S4/Prog/SI/PROJET-RIVALDO/itu.s4.SysInfo.Gestion_congee/public/index.php')
ERROR - 2026-05-13 08:52:03 --> Erreur DB espaceRH: Unable to prepare statement: no such column: employes.departement_id
ERROR - 2026-05-13 08:52:04 --> Unable to prepare statement: no such column: employes.departement_id
in SYSTEMPATH/Database/SQLite3/Connection.php on line 164.
 1 SYSTEMPATH/Database/SQLite3/Connection.php(164): SQLite3->query()
 2 SYSTEMPATH/Database/BaseConnection.php(910): CodeIgniter\Database\SQLite3\Connection->execute()
 3 SYSTEMPATH/Database/BaseConnection.php(827): CodeIgniter\Database\BaseConnection->simpleQuery()
 4 SYSTEMPATH/Database/BaseBuilder.php(1649): CodeIgniter\Database\BaseConnection->query()
 5 APPPATH/Controllers/CongeController.php(103): CodeIgniter\Database\BaseBuilder->get()
 6 APPPATH/Controllers/CongeController.php(39): App\Controllers\CongeController->getDemandes()
 7 SYSTEMPATH/CodeIgniter.php(951): App\Controllers\CongeController->index()
 8 SYSTEMPATH/CodeIgniter.php(497): CodeIgniter\CodeIgniter->runController()
 9 SYSTEMPATH/CodeIgniter.php(340): CodeIgniter\CodeIgniter->handleRequest()
10 SYSTEMPATH/Boot.php(417): CodeIgniter\CodeIgniter->run()
11 SYSTEMPATH/Boot.php(68): CodeIgniter\Boot::runCodeIgniter()
12 FCPATH/index.php(59): CodeIgniter\Boot::bootWeb()
13 SYSTEMPATH/rewrite.php(44): require_once('/home/miantra/Documents/S4/Prog/SI/PROJET-RIVALDO/itu.s4.SysInfo.Gestion_congee/public/index.php')
ERROR - 2026-05-13 08:52:04 --> Erreur DB espaceRH: Unable to prepare statement: no such column: employes.departement_id
ERROR - 2026-05-13 08:52:07 --> Unable to prepare statement: no such column: employes.departement_id
in SYSTEMPATH/Database/SQLite3/Connection.php on line 164.
 1 SYSTEMPATH/Database/SQLite3/Connection.php(164): SQLite3->query()
 2 SYSTEMPATH/Database/BaseConnection.php(910): CodeIgniter\Database\SQLite3\Connection->execute()
 3 SYSTEMPATH/Database/BaseConnection.php(827): CodeIgniter\Database\BaseConnection->simpleQuery()
 4 SYSTEMPATH/Database/BaseBuilder.php(1649): CodeIgniter\Database\BaseConnection->query()
 5 APPPATH/Controllers/CongeController.php(103): CodeIgniter\Database\BaseBuilder->get()
 6 APPPATH/Controllers/CongeController.php(39): App\Controllers\CongeController->getDemandes()
 7 SYSTEMPATH/CodeIgniter.php(951): App\Controllers\CongeController->index()
 8 SYSTEMPATH/CodeIgniter.php(497): CodeIgniter\CodeIgniter->runController()
 9 SYSTEMPATH/CodeIgniter.php(340): CodeIgniter\CodeIgniter->handleRequest()
10 SYSTEMPATH/Boot.php(417): CodeIgniter\CodeIgniter->run()
11 SYSTEMPATH/Boot.php(68): CodeIgniter\Boot::runCodeIgniter()
12 FCPATH/index.php(59): CodeIgniter\Boot::bootWeb()
13 SYSTEMPATH/rewrite.php(44): require_once('/home/miantra/Documents/S4/Prog/SI/PROJET-RIVALDO/itu.s4.SysInfo.Gestion_congee/public/index.php')
ERROR - 2026-05-13 08:52:07 --> Erreur DB espaceRH: Unable to prepare statement: no such column: employes.departement_id
ERROR - 2026-05-13 08:52:45 --> Unable to prepare statement: no such column: employes.departement_id
in SYSTEMPATH/Database/SQLite3/Connection.php on line 164.
 1 SYSTEMPATH/Database/SQLite3/Connection.php(164): SQLite3->query()
 2 SYSTEMPATH/Database/BaseConnection.php(910): CodeIgniter\Database\SQLite3\Connection->execute()
 3 SYSTEMPATH/Database/BaseConnection.php(827): CodeIgniter\Database\BaseConnection->simpleQuery()
 4 SYSTEMPATH/Database/BaseBuilder.php(1649): CodeIgniter\Database\BaseConnection->query()
 5 APPPATH/Controllers/CongeController.php(103): CodeIgniter\Database\BaseBuilder->get()
 6 APPPATH/Controllers/CongeController.php(39): App\Controllers\CongeController->getDemandes()
 7 SYSTEMPATH/CodeIgniter.php(951): App\Controllers\CongeController->index()
 8 SYSTEMPATH/CodeIgniter.php(497): CodeIgniter\CodeIgniter->runController()
 9 SYSTEMPATH/CodeIgniter.php(340): CodeIgniter\CodeIgniter->handleRequest()
10 SYSTEMPATH/Boot.php(417): CodeIgniter\CodeIgniter->run()
11 SYSTEMPATH/Boot.php(68): CodeIgniter\Boot::runCodeIgniter()
12 FCPATH/index.php(59): CodeIgniter\Boot::bootWeb()
13 SYSTEMPATH/rewrite.php(44): require_once('/home/miantra/Documents/S4/Prog/SI/PROJET-RIVALDO/itu.s4.SysInfo.Gestion_congee/public/index.php')
ERROR - 2026-05-13 08:52:45 --> Erreur DB espaceRH: Unable to prepare statement: no such column: employes.departement_id
