CRITICAL - 2026-07-20 07:27:09 --> CodeIgniter\View\Exceptions\ViewException: Invalid file: "prefix/index.php"
[Method: GET, Route: prefix]
in SYSTEMPATH/Exceptions/FrameworkException.php on line 39.
 1 SYSTEMPATH/View/View.php(228): CodeIgniter\Exceptions\FrameworkException::forInvalidFile()
 2 SYSTEMPATH/Common.php(1250): CodeIgniter\View\View->render()
 3 APPPATH/Controllers/PrefixController.php(23): view()
 4 SYSTEMPATH/CodeIgniter.php(951): App\Controllers\PrefixController->index()
 5 SYSTEMPATH/CodeIgniter.php(497): CodeIgniter\CodeIgniter->runController()
 6 SYSTEMPATH/CodeIgniter.php(340): CodeIgniter\CodeIgniter->handleRequest()
 7 SYSTEMPATH/Boot.php(417): CodeIgniter\CodeIgniter->run()
 8 SYSTEMPATH/Boot.php(68): CodeIgniter\Boot::runCodeIgniter()
 9 FCPATH/index.php(59): CodeIgniter\Boot::bootWeb()
10 SYSTEMPATH/rewrite.php(44): require_once('/home/miantra/Documents/S4/Prog/SI/PROJET-FINAL/Projet_Finale_S4_ETU003969_ETU004590/public/index.php')
CRITICAL - 2026-07-20 07:58:59 --> CodeIgniter\View\Exceptions\ViewException: Invalid file: "admin/liste_clients.php"
[Method: GET, Route: admin/clients]
in SYSTEMPATH/Exceptions/FrameworkException.php on line 39.
 1 SYSTEMPATH/View/View.php(228): CodeIgniter\Exceptions\FrameworkException::forInvalidFile()
 2 SYSTEMPATH/Common.php(1250): CodeIgniter\View\View->render()
 3 APPPATH/Controllers/ClientController.php(25): view()
 4 SYSTEMPATH/CodeIgniter.php(951): App\Controllers\ClientController->index()
 5 SYSTEMPATH/CodeIgniter.php(497): CodeIgniter\CodeIgniter->runController()
 6 SYSTEMPATH/CodeIgniter.php(340): CodeIgniter\CodeIgniter->handleRequest()
 7 SYSTEMPATH/Boot.php(417): CodeIgniter\CodeIgniter->run()
 8 SYSTEMPATH/Boot.php(68): CodeIgniter\Boot::runCodeIgniter()
 9 FCPATH/index.php(59): CodeIgniter\Boot::bootWeb()
10 SYSTEMPATH/rewrite.php(44): require_once('/home/tsanta/Documents/S4/Examen Finale/Projet_Finale_S4_ETU003969_ETU004590/public/index.php')
CRITICAL - 2026-07-20 08:00:06 --> CodeIgniter\View\Exceptions\ViewException: Invalid file: "admin/liste_clients.php"
[Method: GET, Route: admin/clients]
in SYSTEMPATH/Exceptions/FrameworkException.php on line 39.
 1 SYSTEMPATH/View/View.php(228): CodeIgniter\Exceptions\FrameworkException::forInvalidFile()
 2 SYSTEMPATH/Common.php(1250): CodeIgniter\View\View->render()
 3 APPPATH/Controllers/ClientController.php(25): view()
 4 SYSTEMPATH/CodeIgniter.php(951): App\Controllers\ClientController->index()
 5 SYSTEMPATH/CodeIgniter.php(497): CodeIgniter\CodeIgniter->runController()
 6 SYSTEMPATH/CodeIgniter.php(340): CodeIgniter\CodeIgniter->handleRequest()
 7 SYSTEMPATH/Boot.php(417): CodeIgniter\CodeIgniter->run()
 8 SYSTEMPATH/Boot.php(68): CodeIgniter\Boot::runCodeIgniter()
 9 FCPATH/index.php(59): CodeIgniter\Boot::bootWeb()
10 SYSTEMPATH/rewrite.php(44): require_once('/home/tsanta/Documents/S4/Examen Finale/Projet_Finale_S4_ETU003969_ETU004590/public/index.php')
CRITICAL - 2026-07-20 08:33:43 --> CodeIgniter\Exceptions\BadMethodCallException: Call to undefined method App\Models\OperationModel::getHistoriqueParUser
[Method: GET, Route: admin/clients/situation/1]
in SYSTEMPATH/Model.php on line 761.
 1 APPPATH/Controllers/ClientController.php(36): CodeIgniter\Model->__call()
 2 SYSTEMPATH/CodeIgniter.php(951): App\Controllers\ClientController->situation()
 3 SYSTEMPATH/CodeIgniter.php(497): CodeIgniter\CodeIgniter->runController()
 4 SYSTEMPATH/CodeIgniter.php(340): CodeIgniter\CodeIgniter->handleRequest()
 5 SYSTEMPATH/Boot.php(417): CodeIgniter\CodeIgniter->run()
 6 SYSTEMPATH/Boot.php(68): CodeIgniter\Boot::runCodeIgniter()
 7 FCPATH/index.php(59): CodeIgniter\Boot::bootWeb()
 8 SYSTEMPATH/rewrite.php(44): require_once('/home/tsanta/Documents/S4/Examen Finale/Projet_Finale_S4_ETU003969_ETU004590/public/index.php')
CRITICAL - 2026-07-20 08:50:34 --> Error: Class "App\Controllers\FraisObtenuModel" not found
[Method: GET, Route: admin/gains]
in APPPATH/Controllers/UserController.php on line 91.
 1 SYSTEMPATH/CodeIgniter.php(951): App\Controllers\UserController->gains()
 2 SYSTEMPATH/CodeIgniter.php(497): CodeIgniter\CodeIgniter->runController()
 3 SYSTEMPATH/CodeIgniter.php(340): CodeIgniter\CodeIgniter->handleRequest()
 4 SYSTEMPATH/Boot.php(417): CodeIgniter\CodeIgniter->run()
 5 SYSTEMPATH/Boot.php(68): CodeIgniter\Boot::runCodeIgniter()
 6 FCPATH/index.php(59): CodeIgniter\Boot::bootWeb()
 7 SYSTEMPATH/rewrite.php(44): require_once('/home/miantra/Documents/S4/Prog/SI/PROJET-FINAL/Projet_Finale_S4_ETU003969_ETU004590/public/index.php')
CRITICAL - 2026-07-20 08:51:08 --> Error: Class "App\Controllers\FraisObtenuModel" not found
[Method: GET, Route: admin/gains]
in APPPATH/Controllers/UserController.php on line 91.
 1 SYSTEMPATH/CodeIgniter.php(951): App\Controllers\UserController->gains()
 2 SYSTEMPATH/CodeIgniter.php(497): CodeIgniter\CodeIgniter->runController()
 3 SYSTEMPATH/CodeIgniter.php(340): CodeIgniter\CodeIgniter->handleRequest()
 4 SYSTEMPATH/Boot.php(417): CodeIgniter\CodeIgniter->run()
 5 SYSTEMPATH/Boot.php(68): CodeIgniter\Boot::runCodeIgniter()
 6 FCPATH/index.php(59): CodeIgniter\Boot::bootWeb()
 7 SYSTEMPATH/rewrite.php(44): require_once('/home/miantra/Documents/S4/Prog/SI/PROJET-FINAL/Projet_Finale_S4_ETU003969_ETU004590/public/index.php')
CRITICAL - 2026-07-20 12:47:06 --> CodeIgniter\Exceptions\BadMethodCallException: Call to undefined method App\Models\OperationModel::getNosGainsParType
[Method: GET, Route: admin/gains]
in SYSTEMPATH/Model.php on line 761.
 1 APPPATH/Controllers/UserController.php(103): CodeIgniter\Model->__call()
 2 SYSTEMPATH/CodeIgniter.php(951): App\Controllers\UserController->gains()
 3 SYSTEMPATH/CodeIgniter.php(497): CodeIgniter\CodeIgniter->runController()
 4 SYSTEMPATH/CodeIgniter.php(340): CodeIgniter\CodeIgniter->handleRequest()
 5 SYSTEMPATH/Boot.php(417): CodeIgniter\CodeIgniter->run()
 6 SYSTEMPATH/Boot.php(68): CodeIgniter\Boot::runCodeIgniter()
 7 FCPATH/index.php(59): CodeIgniter\Boot::bootWeb()
 8 SYSTEMPATH/rewrite.php(44): require_once('/home/tsanta/Documents/S4/Examen Finale/Projet_Finale_S4_ETU003969_ETU004590/public/index.php')
CRITICAL - 2026-07-20 12:47:43 --> CodeIgniter\Exceptions\BadMethodCallException: Call to undefined method App\Models\OperationModel::getNosGainsParType
[Method: GET, Route: admin/gains]
in SYSTEMPATH/Model.php on line 761.
 1 APPPATH/Controllers/UserController.php(103): CodeIgniter\Model->__call()
 2 SYSTEMPATH/CodeIgniter.php(951): App\Controllers\UserController->gains()
 3 SYSTEMPATH/CodeIgniter.php(497): CodeIgniter\CodeIgniter->runController()
 4 SYSTEMPATH/CodeIgniter.php(340): CodeIgniter\CodeIgniter->handleRequest()
 5 SYSTEMPATH/Boot.php(417): CodeIgniter\CodeIgniter->run()
 6 SYSTEMPATH/Boot.php(68): CodeIgniter\Boot::runCodeIgniter()
 7 FCPATH/index.php(59): CodeIgniter\Boot::bootWeb()
 8 SYSTEMPATH/rewrite.php(44): require_once('/home/tsanta/Documents/S4/Examen Finale/Projet_Finale_S4_ETU003969_ETU004590/public/index.php')
ERROR - 2026-07-20 12:58:57 --> Unable to prepare statement: near "(": syntax error
in SYSTEMPATH/Database/SQLite3/Connection.php on line 164.
 1 SYSTEMPATH/Database/SQLite3/Connection.php(164): SQLite3->query()
 2 SYSTEMPATH/Database/BaseConnection.php(910): CodeIgniter\Database\SQLite3\Connection->execute()
 3 SYSTEMPATH/Database/BaseConnection.php(827): CodeIgniter\Database\BaseConnection->simpleQuery()
 4 SYSTEMPATH/Database/BaseBuilder.php(1649): CodeIgniter\Database\BaseConnection->query()
 5 SYSTEMPATH/Model.php(295): CodeIgniter\Database\BaseBuilder->get()
 6 SYSTEMPATH/BaseModel.php(714): CodeIgniter\Model->doFirst()
 7 APPPATH/Controllers/OperationController.php(195): CodeIgniter\BaseModel->first()
 8 APPPATH/Controllers/OperationController.php(106): App\Controllers\OperationController->obtenirOperateurParNumero()
 9 SYSTEMPATH/CodeIgniter.php(951): App\Controllers\OperationController->save()
10 SYSTEMPATH/CodeIgniter.php(497): CodeIgniter\CodeIgniter->runController()
11 SYSTEMPATH/CodeIgniter.php(340): CodeIgniter\CodeIgniter->handleRequest()
12 SYSTEMPATH/Boot.php(417): CodeIgniter\CodeIgniter->run()
13 SYSTEMPATH/Boot.php(68): CodeIgniter\Boot::runCodeIgniter()
14 FCPATH/index.php(59): CodeIgniter\Boot::bootWeb()
15 SYSTEMPATH/rewrite.php(44): require_once('/home/tsanta/Documents/S4/Examen Finale/Projet_Finale_S4_ETU003969_ETU004590/public/index.php')
CRITICAL - 2026-07-20 12:58:57 --> CodeIgniter\Database\Exceptions\DatabaseException: Unable to prepare statement: near "(": syntax error
[Method: POST, Route: operation/save]
in SYSTEMPATH/Database/BaseConnection.php on line 865.
 1 SYSTEMPATH/Database/BaseBuilder.php(1649): CodeIgniter\Database\BaseConnection->query()
 2 SYSTEMPATH/Model.php(295): CodeIgniter\Database\BaseBuilder->get()
 3 SYSTEMPATH/BaseModel.php(714): CodeIgniter\Model->doFirst()
 4 APPPATH/Controllers/OperationController.php(195): CodeIgniter\BaseModel->first()
 5 APPPATH/Controllers/OperationController.php(106): App\Controllers\OperationController->obtenirOperateurParNumero()
 6 SYSTEMPATH/CodeIgniter.php(951): App\Controllers\OperationController->save()
 7 SYSTEMPATH/CodeIgniter.php(497): CodeIgniter\CodeIgniter->runController()
 8 SYSTEMPATH/CodeIgniter.php(340): CodeIgniter\CodeIgniter->handleRequest()
 9 SYSTEMPATH/Boot.php(417): CodeIgniter\CodeIgniter->run()
10 SYSTEMPATH/Boot.php(68): CodeIgniter\Boot::runCodeIgniter()
11 FCPATH/index.php(59): CodeIgniter\Boot::bootWeb()
12 SYSTEMPATH/rewrite.php(44): require_once('/home/tsanta/Documents/S4/Examen Finale/Projet_Finale_S4_ETU003969_ETU004590/public/index.php')
CRITICAL - 2026-07-20 12:58:57 --> [Caused by] CodeIgniter\Database\Exceptions\DatabaseException: Unable to prepare statement: near "(": syntax error
in SYSTEMPATH/Database/SQLite3/Connection.php on line 174.
 1 SYSTEMPATH/Database/BaseConnection.php(910): CodeIgniter\Database\SQLite3\Connection->execute()
 2 SYSTEMPATH/Database/BaseConnection.php(827): CodeIgniter\Database\BaseConnection->simpleQuery()
 3 SYSTEMPATH/Database/BaseBuilder.php(1649): CodeIgniter\Database\BaseConnection->query()
 4 SYSTEMPATH/Model.php(295): CodeIgniter\Database\BaseBuilder->get()
 5 SYSTEMPATH/BaseModel.php(714): CodeIgniter\Model->doFirst()
 6 APPPATH/Controllers/OperationController.php(195): CodeIgniter\BaseModel->first()
 7 APPPATH/Controllers/OperationController.php(106): App\Controllers\OperationController->obtenirOperateurParNumero()
 8 SYSTEMPATH/CodeIgniter.php(951): App\Controllers\OperationController->save()
 9 SYSTEMPATH/CodeIgniter.php(497): CodeIgniter\CodeIgniter->runController()
10 SYSTEMPATH/CodeIgniter.php(340): CodeIgniter\CodeIgniter->handleRequest()
11 SYSTEMPATH/Boot.php(417): CodeIgniter\CodeIgniter->run()
12 SYSTEMPATH/Boot.php(68): CodeIgniter\Boot::runCodeIgniter()
13 FCPATH/index.php(59): CodeIgniter\Boot::bootWeb()
14 SYSTEMPATH/rewrite.php(44): require_once('/home/tsanta/Documents/S4/Examen Finale/Projet_Finale_S4_ETU003969_ETU004590/public/index.php')
CRITICAL - 2026-07-20 12:58:57 --> [Caused by] SQLite3Exception: Unable to prepare statement: near "(": syntax error
in SYSTEMPATH/Database/SQLite3/Connection.php on line 164.
 1 SYSTEMPATH/Database/SQLite3/Connection.php(164): SQLite3->query()
 2 SYSTEMPATH/Database/BaseConnection.php(910): CodeIgniter\Database\SQLite3\Connection->execute()
 3 SYSTEMPATH/Database/BaseConnection.php(827): CodeIgniter\Database\BaseConnection->simpleQuery()
 4 SYSTEMPATH/Database/BaseBuilder.php(1649): CodeIgniter\Database\BaseConnection->query()
 5 SYSTEMPATH/Model.php(295): CodeIgniter\Database\BaseBuilder->get()
 6 SYSTEMPATH/BaseModel.php(714): CodeIgniter\Model->doFirst()
 7 APPPATH/Controllers/OperationController.php(195): CodeIgniter\BaseModel->first()
 8 APPPATH/Controllers/OperationController.php(106): App\Controllers\OperationController->obtenirOperateurParNumero()
 9 SYSTEMPATH/CodeIgniter.php(951): App\Controllers\OperationController->save()
10 SYSTEMPATH/CodeIgniter.php(497): CodeIgniter\CodeIgniter->runController()
11 SYSTEMPATH/CodeIgniter.php(340): CodeIgniter\CodeIgniter->handleRequest()
12 SYSTEMPATH/Boot.php(417): CodeIgniter\CodeIgniter->run()
13 SYSTEMPATH/Boot.php(68): CodeIgniter\Boot::runCodeIgniter()
14 FCPATH/index.php(59): CodeIgniter\Boot::bootWeb()
15 SYSTEMPATH/rewrite.php(44): require_once('/home/tsanta/Documents/S4/Examen Finale/Projet_Finale_S4_ETU003969_ETU004590/public/index.php')
ERROR - 2026-07-20 12:59:35 --> Unable to prepare statement: near "(": syntax error
in SYSTEMPATH/Database/SQLite3/Connection.php on line 164.
 1 SYSTEMPATH/Database/SQLite3/Connection.php(164): SQLite3->query()
 2 SYSTEMPATH/Database/BaseConnection.php(910): CodeIgniter\Database\SQLite3\Connection->execute()
 3 SYSTEMPATH/Database/BaseConnection.php(827): CodeIgniter\Database\BaseConnection->simpleQuery()
 4 SYSTEMPATH/Database/BaseBuilder.php(1649): CodeIgniter\Database\BaseConnection->query()
 5 SYSTEMPATH/Model.php(295): CodeIgniter\Database\BaseBuilder->get()
 6 SYSTEMPATH/BaseModel.php(714): CodeIgniter\Model->doFirst()
 7 APPPATH/Controllers/OperationController.php(195): CodeIgniter\BaseModel->first()
 8 APPPATH/Controllers/OperationController.php(106): App\Controllers\OperationController->obtenirOperateurParNumero()
 9 SYSTEMPATH/CodeIgniter.php(951): App\Controllers\OperationController->save()
10 SYSTEMPATH/CodeIgniter.php(497): CodeIgniter\CodeIgniter->runController()
11 SYSTEMPATH/CodeIgniter.php(340): CodeIgniter\CodeIgniter->handleRequest()
12 SYSTEMPATH/Boot.php(417): CodeIgniter\CodeIgniter->run()
13 SYSTEMPATH/Boot.php(68): CodeIgniter\Boot::runCodeIgniter()
14 FCPATH/index.php(59): CodeIgniter\Boot::bootWeb()
15 SYSTEMPATH/rewrite.php(44): require_once('/home/tsanta/Documents/S4/Examen Finale/Projet_Finale_S4_ETU003969_ETU004590/public/index.php')
CRITICAL - 2026-07-20 12:59:35 --> CodeIgniter\Database\Exceptions\DatabaseException: Unable to prepare statement: near "(": syntax error
[Method: POST, Route: operation/save]
in SYSTEMPATH/Database/BaseConnection.php on line 865.
 1 SYSTEMPATH/Database/BaseBuilder.php(1649): CodeIgniter\Database\BaseConnection->query()
 2 SYSTEMPATH/Model.php(295): CodeIgniter\Database\BaseBuilder->get()
 3 SYSTEMPATH/BaseModel.php(714): CodeIgniter\Model->doFirst()
 4 APPPATH/Controllers/OperationController.php(195): CodeIgniter\BaseModel->first()
 5 APPPATH/Controllers/OperationController.php(106): App\Controllers\OperationController->obtenirOperateurParNumero()
 6 SYSTEMPATH/CodeIgniter.php(951): App\Controllers\OperationController->save()
 7 SYSTEMPATH/CodeIgniter.php(497): CodeIgniter\CodeIgniter->runController()
 8 SYSTEMPATH/CodeIgniter.php(340): CodeIgniter\CodeIgniter->handleRequest()
 9 SYSTEMPATH/Boot.php(417): CodeIgniter\CodeIgniter->run()
10 SYSTEMPATH/Boot.php(68): CodeIgniter\Boot::runCodeIgniter()
11 FCPATH/index.php(59): CodeIgniter\Boot::bootWeb()
12 SYSTEMPATH/rewrite.php(44): require_once('/home/tsanta/Documents/S4/Examen Finale/Projet_Finale_S4_ETU003969_ETU004590/public/index.php')
CRITICAL - 2026-07-20 12:59:35 --> [Caused by] CodeIgniter\Database\Exceptions\DatabaseException: Unable to prepare statement: near "(": syntax error
in SYSTEMPATH/Database/SQLite3/Connection.php on line 174.
 1 SYSTEMPATH/Database/BaseConnection.php(910): CodeIgniter\Database\SQLite3\Connection->execute()
 2 SYSTEMPATH/Database/BaseConnection.php(827): CodeIgniter\Database\BaseConnection->simpleQuery()
 3 SYSTEMPATH/Database/BaseBuilder.php(1649): CodeIgniter\Database\BaseConnection->query()
 4 SYSTEMPATH/Model.php(295): CodeIgniter\Database\BaseBuilder->get()
 5 SYSTEMPATH/BaseModel.php(714): CodeIgniter\Model->doFirst()
 6 APPPATH/Controllers/OperationController.php(195): CodeIgniter\BaseModel->first()
 7 APPPATH/Controllers/OperationController.php(106): App\Controllers\OperationController->obtenirOperateurParNumero()
 8 SYSTEMPATH/CodeIgniter.php(951): App\Controllers\OperationController->save()
 9 SYSTEMPATH/CodeIgniter.php(497): CodeIgniter\CodeIgniter->runController()
10 SYSTEMPATH/CodeIgniter.php(340): CodeIgniter\CodeIgniter->handleRequest()
11 SYSTEMPATH/Boot.php(417): CodeIgniter\CodeIgniter->run()
12 SYSTEMPATH/Boot.php(68): CodeIgniter\Boot::runCodeIgniter()
13 FCPATH/index.php(59): CodeIgniter\Boot::bootWeb()
14 SYSTEMPATH/rewrite.php(44): require_once('/home/tsanta/Documents/S4/Examen Finale/Projet_Finale_S4_ETU003969_ETU004590/public/index.php')
CRITICAL - 2026-07-20 12:59:35 --> [Caused by] SQLite3Exception: Unable to prepare statement: near "(": syntax error
in SYSTEMPATH/Database/SQLite3/Connection.php on line 164.
 1 SYSTEMPATH/Database/SQLite3/Connection.php(164): SQLite3->query()
 2 SYSTEMPATH/Database/BaseConnection.php(910): CodeIgniter\Database\SQLite3\Connection->execute()
 3 SYSTEMPATH/Database/BaseConnection.php(827): CodeIgniter\Database\BaseConnection->simpleQuery()
 4 SYSTEMPATH/Database/BaseBuilder.php(1649): CodeIgniter\Database\BaseConnection->query()
 5 SYSTEMPATH/Model.php(295): CodeIgniter\Database\BaseBuilder->get()
 6 SYSTEMPATH/BaseModel.php(714): CodeIgniter\Model->doFirst()
 7 APPPATH/Controllers/OperationController.php(195): CodeIgniter\BaseModel->first()
 8 APPPATH/Controllers/OperationController.php(106): App\Controllers\OperationController->obtenirOperateurParNumero()
 9 SYSTEMPATH/CodeIgniter.php(951): App\Controllers\OperationController->save()
10 SYSTEMPATH/CodeIgniter.php(497): CodeIgniter\CodeIgniter->runController()
11 SYSTEMPATH/CodeIgniter.php(340): CodeIgniter\CodeIgniter->handleRequest()
12 SYSTEMPATH/Boot.php(417): CodeIgniter\CodeIgniter->run()
13 SYSTEMPATH/Boot.php(68): CodeIgniter\Boot::runCodeIgniter()
14 FCPATH/index.php(59): CodeIgniter\Boot::bootWeb()
15 SYSTEMPATH/rewrite.php(44): require_once('/home/tsanta/Documents/S4/Examen Finale/Projet_Finale_S4_ETU003969_ETU004590/public/index.php')
ERROR - 2026-07-20 13:00:37 --> Unable to prepare statement: near "(": syntax error
in SYSTEMPATH/Database/SQLite3/Connection.php on line 164.
 1 SYSTEMPATH/Database/SQLite3/Connection.php(164): SQLite3->query()
 2 SYSTEMPATH/Database/BaseConnection.php(910): CodeIgniter\Database\SQLite3\Connection->execute()
 3 SYSTEMPATH/Database/BaseConnection.php(827): CodeIgniter\Database\BaseConnection->simpleQuery()
 4 SYSTEMPATH/Database/BaseBuilder.php(1649): CodeIgniter\Database\BaseConnection->query()
 5 SYSTEMPATH/Model.php(295): CodeIgniter\Database\BaseBuilder->get()
 6 SYSTEMPATH/BaseModel.php(714): CodeIgniter\Model->doFirst()
 7 APPPATH/Controllers/OperationController.php(195): CodeIgniter\BaseModel->first()
 8 APPPATH/Controllers/OperationController.php(106): App\Controllers\OperationController->obtenirOperateurParNumero()
 9 SYSTEMPATH/CodeIgniter.php(951): App\Controllers\OperationController->save()
10 SYSTEMPATH/CodeIgniter.php(497): CodeIgniter\CodeIgniter->runController()
11 SYSTEMPATH/CodeIgniter.php(340): CodeIgniter\CodeIgniter->handleRequest()
12 SYSTEMPATH/Boot.php(417): CodeIgniter\CodeIgniter->run()
13 SYSTEMPATH/Boot.php(68): CodeIgniter\Boot::runCodeIgniter()
14 FCPATH/index.php(59): CodeIgniter\Boot::bootWeb()
15 SYSTEMPATH/rewrite.php(44): require_once('/home/tsanta/Documents/S4/Examen Finale/Projet_Finale_S4_ETU003969_ETU004590/public/index.php')
CRITICAL - 2026-07-20 13:00:37 --> CodeIgniter\Database\Exceptions\DatabaseException: Unable to prepare statement: near "(": syntax error
[Method: POST, Route: operation/save]
in SYSTEMPATH/Database/BaseConnection.php on line 865.
 1 SYSTEMPATH/Database/BaseBuilder.php(1649): CodeIgniter\Database\BaseConnection->query()
 2 SYSTEMPATH/Model.php(295): CodeIgniter\Database\BaseBuilder->get()
 3 SYSTEMPATH/BaseModel.php(714): CodeIgniter\Model->doFirst()
 4 APPPATH/Controllers/OperationController.php(195): CodeIgniter\BaseModel->first()
 5 APPPATH/Controllers/OperationController.php(106): App\Controllers\OperationController->obtenirOperateurParNumero()
 6 SYSTEMPATH/CodeIgniter.php(951): App\Controllers\OperationController->save()
 7 SYSTEMPATH/CodeIgniter.php(497): CodeIgniter\CodeIgniter->runController()
 8 SYSTEMPATH/CodeIgniter.php(340): CodeIgniter\CodeIgniter->handleRequest()
 9 SYSTEMPATH/Boot.php(417): CodeIgniter\CodeIgniter->run()
10 SYSTEMPATH/Boot.php(68): CodeIgniter\Boot::runCodeIgniter()
11 FCPATH/index.php(59): CodeIgniter\Boot::bootWeb()
12 SYSTEMPATH/rewrite.php(44): require_once('/home/tsanta/Documents/S4/Examen Finale/Projet_Finale_S4_ETU003969_ETU004590/public/index.php')
CRITICAL - 2026-07-20 13:00:37 --> [Caused by] CodeIgniter\Database\Exceptions\DatabaseException: Unable to prepare statement: near "(": syntax error
in SYSTEMPATH/Database/SQLite3/Connection.php on line 174.
 1 SYSTEMPATH/Database/BaseConnection.php(910): CodeIgniter\Database\SQLite3\Connection->execute()
 2 SYSTEMPATH/Database/BaseConnection.php(827): CodeIgniter\Database\BaseConnection->simpleQuery()
 3 SYSTEMPATH/Database/BaseBuilder.php(1649): CodeIgniter\Database\BaseConnection->query()
 4 SYSTEMPATH/Model.php(295): CodeIgniter\Database\BaseBuilder->get()
 5 SYSTEMPATH/BaseModel.php(714): CodeIgniter\Model->doFirst()
 6 APPPATH/Controllers/OperationController.php(195): CodeIgniter\BaseModel->first()
 7 APPPATH/Controllers/OperationController.php(106): App\Controllers\OperationController->obtenirOperateurParNumero()
 8 SYSTEMPATH/CodeIgniter.php(951): App\Controllers\OperationController->save()
 9 SYSTEMPATH/CodeIgniter.php(497): CodeIgniter\CodeIgniter->runController()
10 SYSTEMPATH/CodeIgniter.php(340): CodeIgniter\CodeIgniter->handleRequest()
11 SYSTEMPATH/Boot.php(417): CodeIgniter\CodeIgniter->run()
12 SYSTEMPATH/Boot.php(68): CodeIgniter\Boot::runCodeIgniter()
13 FCPATH/index.php(59): CodeIgniter\Boot::bootWeb()
14 SYSTEMPATH/rewrite.php(44): require_once('/home/tsanta/Documents/S4/Examen Finale/Projet_Finale_S4_ETU003969_ETU004590/public/index.php')
CRITICAL - 2026-07-20 13:00:37 --> [Caused by] SQLite3Exception: Unable to prepare statement: near "(": syntax error
in SYSTEMPATH/Database/SQLite3/Connection.php on line 164.
 1 SYSTEMPATH/Database/SQLite3/Connection.php(164): SQLite3->query()
 2 SYSTEMPATH/Database/BaseConnection.php(910): CodeIgniter\Database\SQLite3\Connection->execute()
 3 SYSTEMPATH/Database/BaseConnection.php(827): CodeIgniter\Database\BaseConnection->simpleQuery()
 4 SYSTEMPATH/Database/BaseBuilder.php(1649): CodeIgniter\Database\BaseConnection->query()
 5 SYSTEMPATH/Model.php(295): CodeIgniter\Database\BaseBuilder->get()
 6 SYSTEMPATH/BaseModel.php(714): CodeIgniter\Model->doFirst()
 7 APPPATH/Controllers/OperationController.php(195): CodeIgniter\BaseModel->first()
 8 APPPATH/Controllers/OperationController.php(106): App\Controllers\OperationController->obtenirOperateurParNumero()
 9 SYSTEMPATH/CodeIgniter.php(951): App\Controllers\OperationController->save()
10 SYSTEMPATH/CodeIgniter.php(497): CodeIgniter\CodeIgniter->runController()
11 SYSTEMPATH/CodeIgniter.php(340): CodeIgniter\CodeIgniter->handleRequest()
12 SYSTEMPATH/Boot.php(417): CodeIgniter\CodeIgniter->run()
13 SYSTEMPATH/Boot.php(68): CodeIgniter\Boot::runCodeIgniter()
14 FCPATH/index.php(59): CodeIgniter\Boot::bootWeb()
15 SYSTEMPATH/rewrite.php(44): require_once('/home/tsanta/Documents/S4/Examen Finale/Projet_Finale_S4_ETU003969_ETU004590/public/index.php')
ERROR - 2026-07-20 13:03:15 --> Unable to prepare statement: near "(": syntax error
in SYSTEMPATH/Database/SQLite3/Connection.php on line 164.
 1 SYSTEMPATH/Database/SQLite3/Connection.php(164): SQLite3->query()
 2 SYSTEMPATH/Database/BaseConnection.php(910): CodeIgniter\Database\SQLite3\Connection->execute()
 3 SYSTEMPATH/Database/BaseConnection.php(827): CodeIgniter\Database\BaseConnection->simpleQuery()
 4 SYSTEMPATH/Database/BaseBuilder.php(1649): CodeIgniter\Database\BaseConnection->query()
 5 SYSTEMPATH/Model.php(295): CodeIgniter\Database\BaseBuilder->get()
 6 SYSTEMPATH/BaseModel.php(714): CodeIgniter\Model->doFirst()
 7 APPPATH/Controllers/OperationController.php(195): CodeIgniter\BaseModel->first()
 8 APPPATH/Controllers/OperationController.php(106): App\Controllers\OperationController->obtenirOperateurParNumero()
 9 SYSTEMPATH/CodeIgniter.php(951): App\Controllers\OperationController->save()
10 SYSTEMPATH/CodeIgniter.php(497): CodeIgniter\CodeIgniter->runController()
11 SYSTEMPATH/CodeIgniter.php(340): CodeIgniter\CodeIgniter->handleRequest()
12 SYSTEMPATH/Boot.php(417): CodeIgniter\CodeIgniter->run()
13 SYSTEMPATH/Boot.php(68): CodeIgniter\Boot::runCodeIgniter()
14 FCPATH/index.php(59): CodeIgniter\Boot::bootWeb()
15 SYSTEMPATH/rewrite.php(44): require_once('/home/tsanta/Documents/S4/Examen Finale/Projet_Finale_S4_ETU003969_ETU004590/public/index.php')
CRITICAL - 2026-07-20 13:03:15 --> CodeIgniter\Database\Exceptions\DatabaseException: Unable to prepare statement: near "(": syntax error
[Method: POST, Route: operation/save]
in SYSTEMPATH/Database/BaseConnection.php on line 865.
 1 SYSTEMPATH/Database/BaseBuilder.php(1649): CodeIgniter\Database\BaseConnection->query()
 2 SYSTEMPATH/Model.php(295): CodeIgniter\Database\BaseBuilder->get()
 3 SYSTEMPATH/BaseModel.php(714): CodeIgniter\Model->doFirst()
 4 APPPATH/Controllers/OperationController.php(195): CodeIgniter\BaseModel->first()
 5 APPPATH/Controllers/OperationController.php(106): App\Controllers\OperationController->obtenirOperateurParNumero()
 6 SYSTEMPATH/CodeIgniter.php(951): App\Controllers\OperationController->save()
 7 SYSTEMPATH/CodeIgniter.php(497): CodeIgniter\CodeIgniter->runController()
 8 SYSTEMPATH/CodeIgniter.php(340): CodeIgniter\CodeIgniter->handleRequest()
 9 SYSTEMPATH/Boot.php(417): CodeIgniter\CodeIgniter->run()
10 SYSTEMPATH/Boot.php(68): CodeIgniter\Boot::runCodeIgniter()
11 FCPATH/index.php(59): CodeIgniter\Boot::bootWeb()
12 SYSTEMPATH/rewrite.php(44): require_once('/home/tsanta/Documents/S4/Examen Finale/Projet_Finale_S4_ETU003969_ETU004590/public/index.php')
CRITICAL - 2026-07-20 13:03:15 --> [Caused by] CodeIgniter\Database\Exceptions\DatabaseException: Unable to prepare statement: near "(": syntax error
in SYSTEMPATH/Database/SQLite3/Connection.php on line 174.
 1 SYSTEMPATH/Database/BaseConnection.php(910): CodeIgniter\Database\SQLite3\Connection->execute()
 2 SYSTEMPATH/Database/BaseConnection.php(827): CodeIgniter\Database\BaseConnection->simpleQuery()
 3 SYSTEMPATH/Database/BaseBuilder.php(1649): CodeIgniter\Database\BaseConnection->query()
 4 SYSTEMPATH/Model.php(295): CodeIgniter\Database\BaseBuilder->get()
 5 SYSTEMPATH/BaseModel.php(714): CodeIgniter\Model->doFirst()
 6 APPPATH/Controllers/OperationController.php(195): CodeIgniter\BaseModel->first()
 7 APPPATH/Controllers/OperationController.php(106): App\Controllers\OperationController->obtenirOperateurParNumero()
 8 SYSTEMPATH/CodeIgniter.php(951): App\Controllers\OperationController->save()
 9 SYSTEMPATH/CodeIgniter.php(497): CodeIgniter\CodeIgniter->runController()
10 SYSTEMPATH/CodeIgniter.php(340): CodeIgniter\CodeIgniter->handleRequest()
11 SYSTEMPATH/Boot.php(417): CodeIgniter\CodeIgniter->run()
12 SYSTEMPATH/Boot.php(68): CodeIgniter\Boot::runCodeIgniter()
13 FCPATH/index.php(59): CodeIgniter\Boot::bootWeb()
14 SYSTEMPATH/rewrite.php(44): require_once('/home/tsanta/Documents/S4/Examen Finale/Projet_Finale_S4_ETU003969_ETU004590/public/index.php')
CRITICAL - 2026-07-20 13:03:15 --> [Caused by] SQLite3Exception: Unable to prepare statement: near "(": syntax error
in SYSTEMPATH/Database/SQLite3/Connection.php on line 164.
 1 SYSTEMPATH/Database/SQLite3/Connection.php(164): SQLite3->query()
 2 SYSTEMPATH/Database/BaseConnection.php(910): CodeIgniter\Database\SQLite3\Connection->execute()
 3 SYSTEMPATH/Database/BaseConnection.php(827): CodeIgniter\Database\BaseConnection->simpleQuery()
 4 SYSTEMPATH/Database/BaseBuilder.php(1649): CodeIgniter\Database\BaseConnection->query()
 5 SYSTEMPATH/Model.php(295): CodeIgniter\Database\BaseBuilder->get()
 6 SYSTEMPATH/BaseModel.php(714): CodeIgniter\Model->doFirst()
 7 APPPATH/Controllers/OperationController.php(195): CodeIgniter\BaseModel->first()
 8 APPPATH/Controllers/OperationController.php(106): App\Controllers\OperationController->obtenirOperateurParNumero()
 9 SYSTEMPATH/CodeIgniter.php(951): App\Controllers\OperationController->save()
10 SYSTEMPATH/CodeIgniter.php(497): CodeIgniter\CodeIgniter->runController()
11 SYSTEMPATH/CodeIgniter.php(340): CodeIgniter\CodeIgniter->handleRequest()
12 SYSTEMPATH/Boot.php(417): CodeIgniter\CodeIgniter->run()
13 SYSTEMPATH/Boot.php(68): CodeIgniter\Boot::runCodeIgniter()
14 FCPATH/index.php(59): CodeIgniter\Boot::bootWeb()
15 SYSTEMPATH/rewrite.php(44): require_once('/home/tsanta/Documents/S4/Examen Finale/Projet_Finale_S4_ETU003969_ETU004590/public/index.php')
ERROR - 2026-07-20 13:12:53 --> Unable to prepare statement: near "(": syntax error
in SYSTEMPATH/Database/SQLite3/Connection.php on line 164.
 1 SYSTEMPATH/Database/SQLite3/Connection.php(164): SQLite3->query()
 2 SYSTEMPATH/Database/BaseConnection.php(910): CodeIgniter\Database\SQLite3\Connection->execute()
 3 SYSTEMPATH/Database/BaseConnection.php(827): CodeIgniter\Database\BaseConnection->simpleQuery()
 4 SYSTEMPATH/Database/BaseBuilder.php(1649): CodeIgniter\Database\BaseConnection->query()
 5 SYSTEMPATH/Model.php(295): CodeIgniter\Database\BaseBuilder->get()
 6 SYSTEMPATH/BaseModel.php(714): CodeIgniter\Model->doFirst()
 7 APPPATH/Controllers/OperationController.php(195): CodeIgniter\BaseModel->first()
 8 APPPATH/Controllers/OperationController.php(106): App\Controllers\OperationController->obtenirOperateurParNumero()
 9 SYSTEMPATH/CodeIgniter.php(951): App\Controllers\OperationController->save()
10 SYSTEMPATH/CodeIgniter.php(497): CodeIgniter\CodeIgniter->runController()
11 SYSTEMPATH/CodeIgniter.php(340): CodeIgniter\CodeIgniter->handleRequest()
12 SYSTEMPATH/Boot.php(417): CodeIgniter\CodeIgniter->run()
13 SYSTEMPATH/Boot.php(68): CodeIgniter\Boot::runCodeIgniter()
14 FCPATH/index.php(59): CodeIgniter\Boot::bootWeb()
15 SYSTEMPATH/rewrite.php(44): require_once('/home/tsanta/Documents/S4/Examen Finale/Projet_Finale_S4_ETU003969_ETU004590/public/index.php')
CRITICAL - 2026-07-20 13:12:53 --> CodeIgniter\Database\Exceptions\DatabaseException: Unable to prepare statement: near "(": syntax error
[Method: POST, Route: operation/save]
in SYSTEMPATH/Database/BaseConnection.php on line 865.
 1 SYSTEMPATH/Database/BaseBuilder.php(1649): CodeIgniter\Database\BaseConnection->query()
 2 SYSTEMPATH/Model.php(295): CodeIgniter\Database\BaseBuilder->get()
 3 SYSTEMPATH/BaseModel.php(714): CodeIgniter\Model->doFirst()
 4 APPPATH/Controllers/OperationController.php(195): CodeIgniter\BaseModel->first()
 5 APPPATH/Controllers/OperationController.php(106): App\Controllers\OperationController->obtenirOperateurParNumero()
 6 SYSTEMPATH/CodeIgniter.php(951): App\Controllers\OperationController->save()
 7 SYSTEMPATH/CodeIgniter.php(497): CodeIgniter\CodeIgniter->runController()
 8 SYSTEMPATH/CodeIgniter.php(340): CodeIgniter\CodeIgniter->handleRequest()
 9 SYSTEMPATH/Boot.php(417): CodeIgniter\CodeIgniter->run()
10 SYSTEMPATH/Boot.php(68): CodeIgniter\Boot::runCodeIgniter()
11 FCPATH/index.php(59): CodeIgniter\Boot::bootWeb()
12 SYSTEMPATH/rewrite.php(44): require_once('/home/tsanta/Documents/S4/Examen Finale/Projet_Finale_S4_ETU003969_ETU004590/public/index.php')
CRITICAL - 2026-07-20 13:12:53 --> [Caused by] CodeIgniter\Database\Exceptions\DatabaseException: Unable to prepare statement: near "(": syntax error
in SYSTEMPATH/Database/SQLite3/Connection.php on line 174.
 1 SYSTEMPATH/Database/BaseConnection.php(910): CodeIgniter\Database\SQLite3\Connection->execute()
 2 SYSTEMPATH/Database/BaseConnection.php(827): CodeIgniter\Database\BaseConnection->simpleQuery()
 3 SYSTEMPATH/Database/BaseBuilder.php(1649): CodeIgniter\Database\BaseConnection->query()
 4 SYSTEMPATH/Model.php(295): CodeIgniter\Database\BaseBuilder->get()
 5 SYSTEMPATH/BaseModel.php(714): CodeIgniter\Model->doFirst()
 6 APPPATH/Controllers/OperationController.php(195): CodeIgniter\BaseModel->first()
 7 APPPATH/Controllers/OperationController.php(106): App\Controllers\OperationController->obtenirOperateurParNumero()
 8 SYSTEMPATH/CodeIgniter.php(951): App\Controllers\OperationController->save()
 9 SYSTEMPATH/CodeIgniter.php(497): CodeIgniter\CodeIgniter->runController()
10 SYSTEMPATH/CodeIgniter.php(340): CodeIgniter\CodeIgniter->handleRequest()
11 SYSTEMPATH/Boot.php(417): CodeIgniter\CodeIgniter->run()
12 SYSTEMPATH/Boot.php(68): CodeIgniter\Boot::runCodeIgniter()
13 FCPATH/index.php(59): CodeIgniter\Boot::bootWeb()
14 SYSTEMPATH/rewrite.php(44): require_once('/home/tsanta/Documents/S4/Examen Finale/Projet_Finale_S4_ETU003969_ETU004590/public/index.php')
CRITICAL - 2026-07-20 13:12:53 --> [Caused by] SQLite3Exception: Unable to prepare statement: near "(": syntax error
in SYSTEMPATH/Database/SQLite3/Connection.php on line 164.
 1 SYSTEMPATH/Database/SQLite3/Connection.php(164): SQLite3->query()
 2 SYSTEMPATH/Database/BaseConnection.php(910): CodeIgniter\Database\SQLite3\Connection->execute()
 3 SYSTEMPATH/Database/BaseConnection.php(827): CodeIgniter\Database\BaseConnection->simpleQuery()
 4 SYSTEMPATH/Database/BaseBuilder.php(1649): CodeIgniter\Database\BaseConnection->query()
 5 SYSTEMPATH/Model.php(295): CodeIgniter\Database\BaseBuilder->get()
 6 SYSTEMPATH/BaseModel.php(714): CodeIgniter\Model->doFirst()
 7 APPPATH/Controllers/OperationController.php(195): CodeIgniter\BaseModel->first()
 8 APPPATH/Controllers/OperationController.php(106): App\Controllers\OperationController->obtenirOperateurParNumero()
 9 SYSTEMPATH/CodeIgniter.php(951): App\Controllers\OperationController->save()
10 SYSTEMPATH/CodeIgniter.php(497): CodeIgniter\CodeIgniter->runController()
11 SYSTEMPATH/CodeIgniter.php(340): CodeIgniter\CodeIgniter->handleRequest()
12 SYSTEMPATH/Boot.php(417): CodeIgniter\CodeIgniter->run()
13 SYSTEMPATH/Boot.php(68): CodeIgniter\Boot::runCodeIgniter()
14 FCPATH/index.php(59): CodeIgniter\Boot::bootWeb()
15 SYSTEMPATH/rewrite.php(44): require_once('/home/tsanta/Documents/S4/Examen Finale/Projet_Finale_S4_ETU003969_ETU004590/public/index.php')
ERROR - 2026-07-20 13:12:56 --> Unable to prepare statement: near "(": syntax error
in SYSTEMPATH/Database/SQLite3/Connection.php on line 164.
 1 SYSTEMPATH/Database/SQLite3/Connection.php(164): SQLite3->query()
 2 SYSTEMPATH/Database/BaseConnection.php(910): CodeIgniter\Database\SQLite3\Connection->execute()
 3 SYSTEMPATH/Database/BaseConnection.php(827): CodeIgniter\Database\BaseConnection->simpleQuery()
 4 SYSTEMPATH/Database/BaseBuilder.php(1649): CodeIgniter\Database\BaseConnection->query()
 5 SYSTEMPATH/Model.php(295): CodeIgniter\Database\BaseBuilder->get()
 6 SYSTEMPATH/BaseModel.php(714): CodeIgniter\Model->doFirst()
 7 APPPATH/Controllers/OperationController.php(195): CodeIgniter\BaseModel->first()
 8 APPPATH/Controllers/OperationController.php(106): App\Controllers\OperationController->obtenirOperateurParNumero()
 9 SYSTEMPATH/CodeIgniter.php(951): App\Controllers\OperationController->save()
10 SYSTEMPATH/CodeIgniter.php(497): CodeIgniter\CodeIgniter->runController()
11 SYSTEMPATH/CodeIgniter.php(340): CodeIgniter\CodeIgniter->handleRequest()
12 SYSTEMPATH/Boot.php(417): CodeIgniter\CodeIgniter->run()
13 SYSTEMPATH/Boot.php(68): CodeIgniter\Boot::runCodeIgniter()
14 FCPATH/index.php(59): CodeIgniter\Boot::bootWeb()
15 SYSTEMPATH/rewrite.php(44): require_once('/home/tsanta/Documents/S4/Examen Finale/Projet_Finale_S4_ETU003969_ETU004590/public/index.php')
CRITICAL - 2026-07-20 13:12:56 --> CodeIgniter\Database\Exceptions\DatabaseException: Unable to prepare statement: near "(": syntax error
[Method: POST, Route: operation/save]
in SYSTEMPATH/Database/BaseConnection.php on line 865.
 1 SYSTEMPATH/Database/BaseBuilder.php(1649): CodeIgniter\Database\BaseConnection->query()
 2 SYSTEMPATH/Model.php(295): CodeIgniter\Database\BaseBuilder->get()
 3 SYSTEMPATH/BaseModel.php(714): CodeIgniter\Model->doFirst()
 4 APPPATH/Controllers/OperationController.php(195): CodeIgniter\BaseModel->first()
 5 APPPATH/Controllers/OperationController.php(106): App\Controllers\OperationController->obtenirOperateurParNumero()
 6 SYSTEMPATH/CodeIgniter.php(951): App\Controllers\OperationController->save()
 7 SYSTEMPATH/CodeIgniter.php(497): CodeIgniter\CodeIgniter->runController()
 8 SYSTEMPATH/CodeIgniter.php(340): CodeIgniter\CodeIgniter->handleRequest()
 9 SYSTEMPATH/Boot.php(417): CodeIgniter\CodeIgniter->run()
10 SYSTEMPATH/Boot.php(68): CodeIgniter\Boot::runCodeIgniter()
11 FCPATH/index.php(59): CodeIgniter\Boot::bootWeb()
12 SYSTEMPATH/rewrite.php(44): require_once('/home/tsanta/Documents/S4/Examen Finale/Projet_Finale_S4_ETU003969_ETU004590/public/index.php')
CRITICAL - 2026-07-20 13:12:56 --> [Caused by] CodeIgniter\Database\Exceptions\DatabaseException: Unable to prepare statement: near "(": syntax error
in SYSTEMPATH/Database/SQLite3/Connection.php on line 174.
 1 SYSTEMPATH/Database/BaseConnection.php(910): CodeIgniter\Database\SQLite3\Connection->execute()
 2 SYSTEMPATH/Database/BaseConnection.php(827): CodeIgniter\Database\BaseConnection->simpleQuery()
 3 SYSTEMPATH/Database/BaseBuilder.php(1649): CodeIgniter\Database\BaseConnection->query()
 4 SYSTEMPATH/Model.php(295): CodeIgniter\Database\BaseBuilder->get()
 5 SYSTEMPATH/BaseModel.php(714): CodeIgniter\Model->doFirst()
 6 APPPATH/Controllers/OperationController.php(195): CodeIgniter\BaseModel->first()
 7 APPPATH/Controllers/OperationController.php(106): App\Controllers\OperationController->obtenirOperateurParNumero()
 8 SYSTEMPATH/CodeIgniter.php(951): App\Controllers\OperationController->save()
 9 SYSTEMPATH/CodeIgniter.php(497): CodeIgniter\CodeIgniter->runController()
10 SYSTEMPATH/CodeIgniter.php(340): CodeIgniter\CodeIgniter->handleRequest()
11 SYSTEMPATH/Boot.php(417): CodeIgniter\CodeIgniter->run()
12 SYSTEMPATH/Boot.php(68): CodeIgniter\Boot::runCodeIgniter()
13 FCPATH/index.php(59): CodeIgniter\Boot::bootWeb()
14 SYSTEMPATH/rewrite.php(44): require_once('/home/tsanta/Documents/S4/Examen Finale/Projet_Finale_S4_ETU003969_ETU004590/public/index.php')
CRITICAL - 2026-07-20 13:12:56 --> [Caused by] SQLite3Exception: Unable to prepare statement: near "(": syntax error
in SYSTEMPATH/Database/SQLite3/Connection.php on line 164.
 1 SYSTEMPATH/Database/SQLite3/Connection.php(164): SQLite3->query()
 2 SYSTEMPATH/Database/BaseConnection.php(910): CodeIgniter\Database\SQLite3\Connection->execute()
 3 SYSTEMPATH/Database/BaseConnection.php(827): CodeIgniter\Database\BaseConnection->simpleQuery()
 4 SYSTEMPATH/Database/BaseBuilder.php(1649): CodeIgniter\Database\BaseConnection->query()
 5 SYSTEMPATH/Model.php(295): CodeIgniter\Database\BaseBuilder->get()
 6 SYSTEMPATH/BaseModel.php(714): CodeIgniter\Model->doFirst()
 7 APPPATH/Controllers/OperationController.php(195): CodeIgniter\BaseModel->first()
 8 APPPATH/Controllers/OperationController.php(106): App\Controllers\OperationController->obtenirOperateurParNumero()
 9 SYSTEMPATH/CodeIgniter.php(951): App\Controllers\OperationController->save()
10 SYSTEMPATH/CodeIgniter.php(497): CodeIgniter\CodeIgniter->runController()
11 SYSTEMPATH/CodeIgniter.php(340): CodeIgniter\CodeIgniter->handleRequest()
12 SYSTEMPATH/Boot.php(417): CodeIgniter\CodeIgniter->run()
13 SYSTEMPATH/Boot.php(68): CodeIgniter\Boot::runCodeIgniter()
14 FCPATH/index.php(59): CodeIgniter\Boot::bootWeb()
15 SYSTEMPATH/rewrite.php(44): require_once('/home/tsanta/Documents/S4/Examen Finale/Projet_Finale_S4_ETU003969_ETU004590/public/index.php')
